static String constants()  { return "a" + "b" + "c"; }
    0: ldc  -> String abc
    2: areturn
  ^ folded at COMPILE time into one constant. No concatenation happens at runtime.

static String expression(String s, int n)  { return "x" + s + n; }
    0: aload_0
    1: iload_1
    2: invokedynamic  -> InvokeDynamic makeConcatWithConstants:(Ljava/lang/String;I)Ljava/lang/String;
    7: areturn
  ^ ONE invokedynamic. Not a StringBuilder — JEP 280 (Java 9+) hands the job
    to StringConcatFactory, which builds a tailored method at first call.

static String inALoop(int n)  { out += "x"; }
    0: ldc  -> String
    2: astore_1
    3: iconst_0
    4: istore_2
    5: iload_2
    6: iload_0
    7: if_icmpge     23
    10: aload_1
    11: invokedynamic  -> InvokeDynamic makeConcatWithConstants:(Ljava/lang/String;)Ljava/lang/String;
    16: astore_1
    17: iinc          2, 1
    20: goto          5
    23: aload_1
    24: areturn
  ^ the invokedynamic is INSIDE the loop: one whole new String per iteration.
    Faster per call than the old StringBuilder pattern, still quadratic overall.
